%Warning-TIMESCALEMOD: tp1_pkg.sv:9:9: Timescale missing on this module as other modules have it (IEEE 1800-2023 3.14.2.3)
    9 | package tp1_pkg;
      |         ^~~~~~~
                       datapath_tb.sv:2:8: ... Location of module with timescale
    2 | module datapath_tb;
      |        ^~~~~~~~~~~
                       ... For warning description see https://verilator.org/warn/TIMESCALEMOD?v=5.032
                       ... Use "/* verilator lint_off TIMESCALEMOD */" and lint_on around source to disable this message.
%Warning-TIMESCALEMOD: bloques_alu.sv:4:8: Timescale missing on this module as other modules have it (IEEE 1800-2023 3.14.2.3)
    4 | module sumador_flags #(
      |        ^~~~~~~~~~~~~
                       datapath_tb.sv:2:8: ... Location of module with timescale
    2 | module datapath_tb;
      |        ^~~~~~~~~~~
%Warning-TIMESCALEMOD: bloques_alu.sv:17:8: Timescale missing on this module as other modules have it (IEEE 1800-2023 3.14.2.3)
   17 | module restador_flags #(
      |        ^~~~~~~~~~~~~~
                       datapath_tb.sv:2:8: ... Location of module with timescale
    2 | module datapath_tb;
      |        ^~~~~~~~~~~
%Warning-TIMESCALEMOD: bloques_alu.sv:33:8: Timescale missing on this module as other modules have it (IEEE 1800-2023 3.14.2.3)
   33 | module comparador #(
      |        ^~~~~~~~~~
                       datapath_tb.sv:2:8: ... Location of module with timescale
    2 | module datapath_tb;
      |        ^~~~~~~~~~~
%Warning-TIMESCALEMOD: bloques_alu.sv:43:8: Timescale missing on this module as other modules have it (IEEE 1800-2023 3.14.2.3)
   43 | module negativo #(
      |        ^~~~~~~~
                       datapath_tb.sv:2:8: ... Location of module with timescale
    2 | module datapath_tb;
      |        ^~~~~~~~~~~
%Warning-TIMESCALEMOD: alu.sv:4:8: Timescale missing on this module as other modules have it (IEEE 1800-2023 3.14.2.3)
    4 | module alu #(
      |        ^~~
                       datapath_tb.sv:2:8: ... Location of module with timescale
    2 | module datapath_tb;
      |        ^~~~~~~~~~~
%Warning-TIMESCALEMOD: reg_file.sv:13:8: Timescale missing on this module as other modules have it (IEEE 1800-2023 3.14.2.3)
   13 | module reg_file #(
      |        ^~~~~~~~
                       datapath_tb.sv:2:8: ... Location of module with timescale
    2 | module datapath_tb;
      |        ^~~~~~~~~~~
%Warning-TIMESCALEMOD: datapath.sv:4:8: Timescale missing on this module as other modules have it (IEEE 1800-2023 3.14.2.3)
    4 | module datapath (
      |        ^~~~~~~~
                       datapath_tb.sv:2:8: ... Location of module with timescale
    2 | module datapath_tb;
      |        ^~~~~~~~~~~
%Warning-IMPORTSTAR: datapath.sv:1:15: Import::* in $unit scope may pollute global namespace
    1 | import tp1_pkg::*;
      |               ^~
%Warning-WIDTHEXPAND: alu.sv:42:8: Input port connection 'b' expects 32 bits on the pin connection, but pin connection's CONST '4'h0' generates 4 bits.
                                 : ... note: In instance 'datapath_tb.dut.u_alu'
   42 |       .b(4'b0000),
      |        ^
%Warning-BLKSEQ: datapath_tb.sv:4:19: Blocking assignment '=' in sequential logic process
                                    : ... Suggest using delayed assignment '<='
    4 |     always #5 clk = ~clk;
      |                   ^
make[1]: Entering directory '/tmp/tp1-sim.kugFYX/obj_dir'
g++ -Os  -I.  -MMD -I/usr/share/verilator/include -I/usr/share/verilator/include/vltstd -DVM_COVERAGE=0 -DVM_SC=0 -DVM_TIMING=1 -DVM_TRACE=1 -DVM_TRACE_FST=0 -DVM_TRACE_VCD=1 -faligned-new -fcf-protection=none -Wno-bool-operation -Wno-shadow -Wno-sign-compare -Wno-tautological-compare -Wno-uninitialized -Wno-unused-but-set-parameter -Wno-unused-but-set-variable -Wno-unused-parameter -Wno-unused-variable    -DVL_TIME_CONTEXT   -fcoroutines -c -o verilated.o /usr/share/verilator/include/verilated.cpp
g++ -Os  -I.  -MMD -I/usr/share/verilator/include -I/usr/share/verilator/include/vltstd -DVM_COVERAGE=0 -DVM_SC=0 -DVM_TIMING=1 -DVM_TRACE=1 -DVM_TRACE_FST=0 -DVM_TRACE_VCD=1 -faligned-new -fcf-protection=none -Wno-bool-operation -Wno-shadow -Wno-sign-compare -Wno-tautological-compare -Wno-uninitialized -Wno-unused-but-set-parameter -Wno-unused-but-set-variable -Wno-unused-parameter -Wno-unused-variable    -DVL_TIME_CONTEXT   -fcoroutines -c -o verilated_vcd_c.o /usr/share/verilator/include/verilated_vcd_c.cpp
g++ -Os  -I.  -MMD -I/usr/share/verilator/include -I/usr/share/verilator/include/vltstd -DVM_COVERAGE=0 -DVM_SC=0 -DVM_TIMING=1 -DVM_TRACE=1 -DVM_TRACE_FST=0 -DVM_TRACE_VCD=1 -faligned-new -fcf-protection=none -Wno-bool-operation -Wno-shadow -Wno-sign-compare -Wno-tautological-compare -Wno-uninitialized -Wno-unused-but-set-parameter -Wno-unused-but-set-variable -Wno-unused-parameter -Wno-unused-variable    -DVL_TIME_CONTEXT   -fcoroutines -c -o verilated_timing.o /usr/share/verilator/include/verilated_timing.cpp
g++ -Os  -I.  -MMD -I/usr/share/verilator/include -I/usr/share/verilator/include/vltstd -DVM_COVERAGE=0 -DVM_SC=0 -DVM_TIMING=1 -DVM_TRACE=1 -DVM_TRACE_FST=0 -DVM_TRACE_VCD=1 -faligned-new -fcf-protection=none -Wno-bool-operation -Wno-shadow -Wno-sign-compare -Wno-tautological-compare -Wno-uninitialized -Wno-unused-but-set-parameter -Wno-unused-but-set-variable -Wno-unused-parameter -Wno-unused-variable    -DVL_TIME_CONTEXT   -fcoroutines -c -o verilated_threads.o /usr/share/verilator/include/verilated_threads.cpp
g++ -Os  -I.  -MMD -I/usr/share/verilator/include -I/usr/share/verilator/include/vltstd -DVM_COVERAGE=0 -DVM_SC=0 -DVM_TIMING=1 -DVM_TRACE=1 -DVM_TRACE_FST=0 -DVM_TRACE_VCD=1 -faligned-new -fcf-protection=none -Wno-bool-operation -Wno-shadow -Wno-sign-compare -Wno-tautological-compare -Wno-uninitialized -Wno-unused-but-set-parameter -Wno-unused-but-set-variable -Wno-unused-parameter -Wno-unused-variable    -DVL_TIME_CONTEXT   -fcoroutines -x c++-header Vdatapath_tb__pch.h -o Vdatapath_tb__pch.h.fast.gch
g++   -I.  -MMD -I/usr/share/verilator/include -I/usr/share/verilator/include/vltstd -DVM_COVERAGE=0 -DVM_SC=0 -DVM_TIMING=1 -DVM_TRACE=1 -DVM_TRACE_FST=0 -DVM_TRACE_VCD=1 -faligned-new -fcf-protection=none -Wno-bool-operation -Wno-shadow -Wno-sign-compare -Wno-tautological-compare -Wno-uninitialized -Wno-unused-but-set-parameter -Wno-unused-but-set-variable -Wno-unused-parameter -Wno-unused-variable    -DVL_TIME_CONTEXT   -fcoroutines -x c++-header Vdatapath_tb__pch.h -o Vdatapath_tb__pch.h.slow.gch
echo "" > Vdatapath_tb__ALL.verilator_deplist.tmp
g++ -Os  -I.  -MMD -I/usr/share/verilator/include -I/usr/share/verilator/include/vltstd -DVM_COVERAGE=0 -DVM_SC=0 -DVM_TIMING=1 -DVM_TRACE=1 -DVM_TRACE_FST=0 -DVM_TRACE_VCD=1 -faligned-new -fcf-protection=none -Wno-bool-operation -Wno-shadow -Wno-sign-compare -Wno-tautological-compare -Wno-uninitialized -Wno-unused-but-set-parameter -Wno-unused-but-set-variable -Wno-unused-parameter -Wno-unused-variable    -DVL_TIME_CONTEXT   -fcoroutines -include Vdatapath_tb__pch.h.fast -c -o Vdatapath_tb.o Vdatapath_tb.cpp
g++ -Os  -I.  -MMD -I/usr/share/verilator/include -I/usr/share/verilator/include/vltstd -DVM_COVERAGE=0 -DVM_SC=0 -DVM_TIMING=1 -DVM_TRACE=1 -DVM_TRACE_FST=0 -DVM_TRACE_VCD=1 -faligned-new -fcf-protection=none -Wno-bool-operation -Wno-shadow -Wno-sign-compare -Wno-tautological-compare -Wno-uninitialized -Wno-unused-but-set-parameter -Wno-unused-but-set-variable -Wno-unused-parameter -Wno-unused-variable    -DVL_TIME_CONTEXT   -fcoroutines -include Vdatapath_tb__pch.h.fast -c -o Vdatapath_tb___024root__DepSet_hf1b861a6__0.o Vdatapath_tb___024root__DepSet_hf1b861a6__0.cpp
g++ -Os  -I.  -MMD -I/usr/share/verilator/include -I/usr/share/verilator/include/vltstd -DVM_COVERAGE=0 -DVM_SC=0 -DVM_TIMING=1 -DVM_TRACE=1 -DVM_TRACE_FST=0 -DVM_TRACE_VCD=1 -faligned-new -fcf-protection=none -Wno-bool-operation -Wno-shadow -Wno-sign-compare -Wno-tautological-compare -Wno-uninitialized -Wno-unused-but-set-parameter -Wno-unused-but-set-variable -Wno-unused-parameter -Wno-unused-variable    -DVL_TIME_CONTEXT   -fcoroutines -include Vdatapath_tb__pch.h.fast -c -o Vdatapath_tb___024root__DepSet_h0807309a__0.o Vdatapath_tb___024root__DepSet_h0807309a__0.cpp
g++ -Os  -I.  -MMD -I/usr/share/verilator/include -I/usr/share/verilator/include/vltstd -DVM_COVERAGE=0 -DVM_SC=0 -DVM_TIMING=1 -DVM_TRACE=1 -DVM_TRACE_FST=0 -DVM_TRACE_VCD=1 -faligned-new -fcf-protection=none -Wno-bool-operation -Wno-shadow -Wno-sign-compare -Wno-tautological-compare -Wno-uninitialized -Wno-unused-but-set-parameter -Wno-unused-but-set-variable -Wno-unused-parameter -Wno-unused-variable    -DVL_TIME_CONTEXT   -fcoroutines -include Vdatapath_tb__pch.h.fast -c -o Vdatapath_tb__main.o Vdatapath_tb__main.cpp
g++ -Os  -I.  -MMD -I/usr/share/verilator/include -I/usr/share/verilator/include/vltstd -DVM_COVERAGE=0 -DVM_SC=0 -DVM_TIMING=1 -DVM_TRACE=1 -DVM_TRACE_FST=0 -DVM_TRACE_VCD=1 -faligned-new -fcf-protection=none -Wno-bool-operation -Wno-shadow -Wno-sign-compare -Wno-tautological-compare -Wno-uninitialized -Wno-unused-but-set-parameter -Wno-unused-but-set-variable -Wno-unused-parameter -Wno-unused-variable    -DVL_TIME_CONTEXT   -fcoroutines -include Vdatapath_tb__pch.h.fast -c -o Vdatapath_tb__Trace__0.o Vdatapath_tb__Trace__0.cpp
g++   -I.  -MMD -I/usr/share/verilator/include -I/usr/share/verilator/include/vltstd -DVM_COVERAGE=0 -DVM_SC=0 -DVM_TIMING=1 -DVM_TRACE=1 -DVM_TRACE_FST=0 -DVM_TRACE_VCD=1 -faligned-new -fcf-protection=none -Wno-bool-operation -Wno-shadow -Wno-sign-compare -Wno-tautological-compare -Wno-uninitialized -Wno-unused-but-set-parameter -Wno-unused-but-set-variable -Wno-unused-parameter -Wno-unused-variable    -DVL_TIME_CONTEXT   -fcoroutines -include Vdatapath_tb__pch.h.slow -c -o Vdatapath_tb___024root__Slow.o Vdatapath_tb___024root__Slow.cpp
g++   -I.  -MMD -I/usr/share/verilator/include -I/usr/share/verilator/include/vltstd -DVM_COVERAGE=0 -DVM_SC=0 -DVM_TIMING=1 -DVM_TRACE=1 -DVM_TRACE_FST=0 -DVM_TRACE_VCD=1 -faligned-new -fcf-protection=none -Wno-bool-operation -Wno-shadow -Wno-sign-compare -Wno-tautological-compare -Wno-uninitialized -Wno-unused-but-set-parameter -Wno-unused-but-set-variable -Wno-unused-parameter -Wno-unused-variable    -DVL_TIME_CONTEXT   -fcoroutines -include Vdatapath_tb__pch.h.slow -c -o Vdatapath_tb___024root__DepSet_hf1b861a6__0__Slow.o Vdatapath_tb___024root__DepSet_hf1b861a6__0__Slow.cpp
g++   -I.  -MMD -I/usr/share/verilator/include -I/usr/share/verilator/include/vltstd -DVM_COVERAGE=0 -DVM_SC=0 -DVM_TIMING=1 -DVM_TRACE=1 -DVM_TRACE_FST=0 -DVM_TRACE_VCD=1 -faligned-new -fcf-protection=none -Wno-bool-operation -Wno-shadow -Wno-sign-compare -Wno-tautological-compare -Wno-uninitialized -Wno-unused-but-set-parameter -Wno-unused-but-set-variable -Wno-unused-parameter -Wno-unused-variable    -DVL_TIME_CONTEXT   -fcoroutines -include Vdatapath_tb__pch.h.slow -c -o Vdatapath_tb___024root__DepSet_h0807309a__0__Slow.o Vdatapath_tb___024root__DepSet_h0807309a__0__Slow.cpp
g++   -I.  -MMD -I/usr/share/verilator/include -I/usr/share/verilator/include/vltstd -DVM_COVERAGE=0 -DVM_SC=0 -DVM_TIMING=1 -DVM_TRACE=1 -DVM_TRACE_FST=0 -DVM_TRACE_VCD=1 -faligned-new -fcf-protection=none -Wno-bool-operation -Wno-shadow -Wno-sign-compare -Wno-tautological-compare -Wno-uninitialized -Wno-unused-but-set-parameter -Wno-unused-but-set-variable -Wno-unused-parameter -Wno-unused-variable    -DVL_TIME_CONTEXT   -fcoroutines -include Vdatapath_tb__pch.h.slow -c -o Vdatapath_tb___024unit__Slow.o Vdatapath_tb___024unit__Slow.cpp
g++   -I.  -MMD -I/usr/share/verilator/include -I/usr/share/verilator/include/vltstd -DVM_COVERAGE=0 -DVM_SC=0 -DVM_TIMING=1 -DVM_TRACE=1 -DVM_TRACE_FST=0 -DVM_TRACE_VCD=1 -faligned-new -fcf-protection=none -Wno-bool-operation -Wno-shadow -Wno-sign-compare -Wno-tautological-compare -Wno-uninitialized -Wno-unused-but-set-parameter -Wno-unused-but-set-variable -Wno-unused-parameter -Wno-unused-variable    -DVL_TIME_CONTEXT   -fcoroutines -include Vdatapath_tb__pch.h.slow -c -o Vdatapath_tb___024unit__DepSet_h83f96629__0__Slow.o Vdatapath_tb___024unit__DepSet_h83f96629__0__Slow.cpp
g++   -I.  -MMD -I/usr/share/verilator/include -I/usr/share/verilator/include/vltstd -DVM_COVERAGE=0 -DVM_SC=0 -DVM_TIMING=1 -DVM_TRACE=1 -DVM_TRACE_FST=0 -DVM_TRACE_VCD=1 -faligned-new -fcf-protection=none -Wno-bool-operation -Wno-shadow -Wno-sign-compare -Wno-tautological-compare -Wno-uninitialized -Wno-unused-but-set-parameter -Wno-unused-but-set-variable -Wno-unused-parameter -Wno-unused-variable    -DVL_TIME_CONTEXT   -fcoroutines -include Vdatapath_tb__pch.h.slow -c -o Vdatapath_tb__Syms.o Vdatapath_tb__Syms.cpp
g++   -I.  -MMD -I/usr/share/verilator/include -I/usr/share/verilator/include/vltstd -DVM_COVERAGE=0 -DVM_SC=0 -DVM_TIMING=1 -DVM_TRACE=1 -DVM_TRACE_FST=0 -DVM_TRACE_VCD=1 -faligned-new -fcf-protection=none -Wno-bool-operation -Wno-shadow -Wno-sign-compare -Wno-tautological-compare -Wno-uninitialized -Wno-unused-but-set-parameter -Wno-unused-but-set-variable -Wno-unused-parameter -Wno-unused-variable    -DVL_TIME_CONTEXT   -fcoroutines -include Vdatapath_tb__pch.h.slow -c -o Vdatapath_tb__Trace__0__Slow.o Vdatapath_tb__Trace__0__Slow.cpp
g++   -I.  -MMD -I/usr/share/verilator/include -I/usr/share/verilator/include/vltstd -DVM_COVERAGE=0 -DVM_SC=0 -DVM_TIMING=1 -DVM_TRACE=1 -DVM_TRACE_FST=0 -DVM_TRACE_VCD=1 -faligned-new -fcf-protection=none -Wno-bool-operation -Wno-shadow -Wno-sign-compare -Wno-tautological-compare -Wno-uninitialized -Wno-unused-but-set-parameter -Wno-unused-but-set-variable -Wno-unused-parameter -Wno-unused-variable    -DVL_TIME_CONTEXT   -fcoroutines -include Vdatapath_tb__pch.h.slow -c -o Vdatapath_tb__TraceDecls__0__Slow.o Vdatapath_tb__TraceDecls__0__Slow.cpp
g++    verilated.o verilated_vcd_c.o verilated_timing.o verilated_threads.o Vdatapath_tb__ALL.a    -pthread -lpthread -latomic   -o Vdatapath_tb
rm Vdatapath_tb__ALL.verilator_deplist.tmp
make[1]: Leaving directory '/tmp/tp1-sim.kugFYX/obj_dir'
- V e r i l a t i o n   R e p o r t: Verilator 5.032 2025-01-01 rev (Debian 5.032-1)
- Verilator: Built from 0.107 MB sources in 12 modules, into 0.133 MB in 13 C++ files needing 0.000 MB
- Verilator: Walltime 12.377 s (elab=0.003, cvt=0.008, bld=12.353); cpu 0.024 s on 2 threads; alloced 13.176 MB
